2025-06-13 13:15:16,134 - root - INFO - 开始处理 2015-08 的数据
2025-06-13 13:15:16,137 - root - INFO - 开始从FTP服务器下载文件: /jma/netcdf/201508/01/NC_H08_20150801_0000_R21_FLDK.02401_02401.nc
2025-06-13 13:15:16,137 - root - INFO - 开始从FTP服务器下载文件: /jma/netcdf/201508/01/NC_H08_20150801_0010_R21_FLDK.02401_02401.nc
2025-06-13 13:15:16,137 - root - INFO - 开始从FTP服务器下载文件: /jma/netcdf/201508/01/NC_H08_20150801_0020_R21_FLDK.02401_02401.nc
2025-06-13 13:15:16,138 - root - INFO - 开始从FTP服务器下载文件: /jma/netcdf/201508/01/NC_H08_20150801_0030_R21_FLDK.02401_02401.nc
2025-06-13 13:15:16,138 - root - INFO - 开始从FTP服务器下载文件: /jma/netcdf/201508/01/NC_H08_20150801_0040_R21_FLDK.02401_02401.nc
2025-06-13 13:15:16,139 - root - INFO - 开始从FTP服务器下载文件: /jma/netcdf/201508/01/NC_H08_20150801_0050_R21_FLDK.02401_02401.nc
2025-06-13 13:15:16,139 - root - INFO - 开始从FTP服务器下载文件: /jma/netcdf/201508/01/NC_H08_20150801_0100_R21_FLDK.02401_02401.nc
2025-06-13 13:15:16,139 - root - INFO - 开始从FTP服务器下载文件: /jma/netcdf/201508/01/NC_H08_20150801_0110_R21_FLDK.02401_02401.nc
2025-06-13 13:15:16,139 - root - INFO - 开始从FTP服务器下载文件: /jma/netcdf/201508/01/NC_H08_20150801_0120_R21_FLDK.02401_02401.nc
2025-06-13 13:15:16,140 - root - INFO - 开始从FTP服务器下载文件: /jma/netcdf/201508/01/NC_H08_20150801_0130_R21_FLDK.02401_02401.nc
2025-06-13 13:15:16,140 - root - INFO - 开始从FTP服务器下载文件: /jma/netcdf/201508/01/NC_H08_20150801_0140_R21_FLDK.02401_02401.nc
2025-06-13 13:15:16,141 - root - INFO - 开始从FTP服务器下载文件: /jma/netcdf/201508/01/NC_H08_20150801_0150_R21_FLDK.02401_02401.nc
2025-06-13 13:15:16,141 - root - INFO - 开始从FTP服务器下载文件: /jma/netcdf/201508/01/NC_H08_20150801_0200_R21_FLDK.02401_02401.nc
2025-06-13 13:15:16,141 - root - INFO - 开始从FTP服务器下载文件: /jma/netcdf/201508/01/NC_H08_20150801_0210_R21_FLDK.02401_02401.nc
2025-06-13 13:15:16,142 - root - INFO - 开始从FTP服务器下载文件: /jma/netcdf/201508/01/NC_H08_20150801_0220_R21_FLDK.02401_02401.nc
2025-06-13 13:15:16,142 - root - INFO - 开始从FTP服务器下载文件: /jma/netcdf/201508/01/NC_H08_20150801_0230_R21_FLDK.02401_02401.nc
2025-06-13 13:15:16,142 - root - INFO - 开始从FTP服务器下载文件: /jma/netcdf/201508/01/NC_H08_20150801_0240_R21_FLDK.02401_02401.nc
2025-06-13 13:15:16,143 - root - INFO - 开始从FTP服务器下载文件: /jma/netcdf/201508/01/NC_H08_20150801_0250_R21_FLDK.02401_02401.nc
2025-06-13 13:15:16,143 - root - INFO - 开始从FTP服务器下载文件: /jma/netcdf/201508/01/NC_H08_20150801_0300_R21_FLDK.02401_02401.nc
2025-06-13 13:15:16,144 - root - INFO - 开始从FTP服务器下载文件: /jma/netcdf/201508/01/NC_H08_20150801_0310_R21_FLDK.02401_02401.nc
2025-06-13 13:15:16,144 - root - INFO - 开始从FTP服务器下载文件: /jma/netcdf/201508/01/NC_H08_20150801_0320_R21_FLDK.02401_02401.nc
2025-06-13 13:15:16,144 - root - INFO - 开始从FTP服务器下载文件: /jma/netcdf/201508/01/NC_H08_20150801_0330_R21_FLDK.02401_02401.nc
2025-06-13 13:15:16,146 - root - INFO - 开始从FTP服务器下载文件: /jma/netcdf/201508/01/NC_H08_20150801_0340_R21_FLDK.02401_02401.nc
2025-06-13 13:15:16,147 - root - INFO - 开始从FTP服务器下载文件: /jma/netcdf/201508/01/NC_H08_20150801_0350_R21_FLDK.02401_02401.nc
2025-06-13 13:15:16,147 - root - INFO - 开始从FTP服务器下载文件: /jma/netcdf/201508/01/NC_H08_20150801_0400_R21_FLDK.02401_02401.nc
2025-06-13 13:15:16,149 - root - INFO - 开始从FTP服务器下载文件: /jma/netcdf/201508/01/NC_H08_20150801_0410_R21_FLDK.02401_02401.nc
2025-06-13 13:15:16,182 - root - INFO - 开始从FTP服务器下载文件: /jma/netcdf/201508/01/NC_H08_20150801_0420_R21_FLDK.02401_02401.nc
2025-06-13 13:15:16,186 - root - INFO - 开始从FTP服务器下载文件: /jma/netcdf/201508/01/NC_H08_20150801_0430_R21_FLDK.02401_02401.nc
2025-06-13 13:15:17,620 - root - WARNING - FTP文件下载失败: 550 /jma/netcdf/201508/01/NC_H08_20150801_0240_R21_FLDK.02401_02401.nc: No such file or directory, 重试 1/5...
2025-06-13 13:15:28,943 - root - WARNING - FTP文件下载失败: 550 /jma/netcdf/201508/01/NC_H08_20150801_0240_R21_FLDK.02401_02401.nc: No such file or directory, 重试 2/5...
2025-06-13 13:15:39,898 - root - WARNING - FTP文件下载失败: 550 /jma/netcdf/201508/01/NC_H08_20150801_0240_R21_FLDK.02401_02401.nc: No such file or directory, 重试 3/5...
2025-06-13 13:15:50,886 - root - WARNING - FTP文件下载失败: 550 /jma/netcdf/201508/01/NC_H08_20150801_0240_R21_FLDK.02401_02401.nc: No such file or directory, 重试 4/5...
2025-06-13 13:16:02,264 - root - WARNING - FTP文件下载失败: 550 /jma/netcdf/201508/01/NC_H08_20150801_0240_R21_FLDK.02401_02401.nc: No such file or directory, 重试 5/5...
2025-06-13 13:16:12,265 - root - ERROR - 文件下载失败: 超过最大重试次数 5
2025-06-13 13:16:12,265 - root - ERROR - 无法下载文件: /jma/netcdf/201508/01/NC_H08_20150801_0240_R21_FLDK.02401_02401.nc
2025-06-13 13:16:12,265 - root - INFO - 开始从FTP服务器下载文件: /jma/netcdf/201508/01/NC_H08_20150801_0440_R21_FLDK.02401_02401.nc
2025-06-13 13:16:23,390 - root - WARNING - FTP文件下载失败: timed out, 重试 1/5...
2025-06-13 13:19:18,908 - root - INFO - 文件下载成功: D:/H8_data\2015\08\himawari_20150801_0420.nc
2025-06-13 13:19:19,792 - root - INFO - 成功处理并保存小文件: D:/H8_data\2015\08\H8_20150801_0420.nc
2025-06-13 13:19:19,817 - root - INFO - 文件处理完成: D:/H8_data\2015\08\himawari_20150801_0420.nc
2025-06-13 13:19:19,822 - root - INFO - 已删除下载的原始数据文件: D:/H8_data\2015\08\himawari_20150801_0420.nc
2025-06-13 13:19:19,823 - root - INFO - 开始从FTP服务器下载文件: /jma/netcdf/201508/01/NC_H08_20150801_0450_R21_FLDK.02401_02401.nc
2025-06-13 13:19:24,959 - root - INFO - 文件下载成功: D:/H8_data\2015\08\himawari_20150801_0000.nc
2025-06-13 13:19:25,773 - root - INFO - 成功处理并保存小文件: D:/H8_data\2015\08\H8_20150801_0000.nc
2025-06-13 13:19:25,794 - root - INFO - 文件处理完成: D:/H8_data\2015\08\himawari_20150801_0000.nc
2025-06-13 13:19:25,800 - root - INFO - 已删除下载的原始数据文件: D:/H8_data\2015\08\himawari_20150801_0000.nc
2025-06-13 13:19:25,800 - root - INFO - 开始从FTP服务器下载文件: /jma/netcdf/201508/01/NC_H08_20150801_0500_R21_FLDK.02401_02401.nc
2025-06-13 13:19:34,515 - root - INFO - 文件下载成功: D:/H8_data\2015\08\himawari_20150801_0330.nc
2025-06-13 13:19:35,381 - root - INFO - 成功处理并保存小文件: D:/H8_data\2015\08\H8_20150801_0330.nc
2025-06-13 13:19:35,404 - root - INFO - 文件处理完成: D:/H8_data\2015\08\himawari_20150801_0330.nc
2025-06-13 13:19:35,409 - root - INFO - 已删除下载的原始数据文件: D:/H8_data\2015\08\himawari_20150801_0330.nc
2025-06-13 13:19:35,409 - root - INFO - 开始从FTP服务器下载文件: /jma/netcdf/201508/01/NC_H08_20150801_0510_R21_FLDK.02401_02401.nc
2025-06-13 13:19:35,673 - root - INFO - 文件下载成功: D:/H8_data\2015\08\himawari_20150801_0320.nc
2025-06-13 13:19:36,530 - root - INFO - 成功处理并保存小文件: D:/H8_data\2015\08\H8_20150801_0320.nc
2025-06-13 13:19:36,552 - root - INFO - 文件处理完成: D:/H8_data\2015\08\himawari_20150801_0320.nc
2025-06-13 13:19:36,560 - root - INFO - 已删除下载的原始数据文件: D:/H8_data\2015\08\himawari_20150801_0320.nc
2025-06-13 13:19:36,560 - root - INFO - 开始从FTP服务器下载文件: /jma/netcdf/201508/01/NC_H08_20150801_0520_R21_FLDK.02401_02401.nc
2025-06-13 13:19:43,860 - root - INFO - 文件下载成功: D:/H8_data\2015\08\himawari_20150801_0230.nc
2025-06-13 13:19:44,676 - root - INFO - 成功处理并保存小文件: D:/H8_data\2015\08\H8_20150801_0230.nc
2025-06-13 13:19:44,696 - root - INFO - 文件处理完成: D:/H8_data\2015\08\himawari_20150801_0230.nc
2025-06-13 13:19:44,702 - root - INFO - 已删除下载的原始数据文件: D:/H8_data\2015\08\himawari_20150801_0230.nc
2025-06-13 13:19:44,703 - root - INFO - 开始从FTP服务器下载文件: /jma/netcdf/201508/01/NC_H08_20150801_0530_R21_FLDK.02401_02401.nc
2025-06-13 13:19:46,779 - root - WARNING - FTP文件下载失败: timed out, 重试 1/5...
2025-06-13 13:19:48,521 - root - INFO - 文件下载成功: D:/H8_data\2015\08\himawari_20150801_0150.nc
2025-06-13 13:19:49,382 - root - INFO - 成功处理并保存小文件: D:/H8_data\2015\08\H8_20150801_0150.nc
2025-06-13 13:19:49,408 - root - INFO - 文件处理完成: D:/H8_data\2015\08\himawari_20150801_0150.nc
2025-06-13 13:19:49,413 - root - INFO - 已删除下载的原始数据文件: D:/H8_data\2015\08\himawari_20150801_0150.nc
2025-06-13 13:19:49,414 - root - INFO - 开始从FTP服务器下载文件: /jma/netcdf/201508/01/NC_H08_20150801_0540_R21_FLDK.02401_02401.nc
2025-06-13 13:19:52,861 - root - INFO - 文件下载成功: D:/H8_data\2015\08\himawari_20150801_0200.nc
2025-06-13 13:19:53,752 - root - INFO - 成功处理并保存小文件: D:/H8_data\2015\08\H8_20150801_0200.nc
2025-06-13 13:19:53,774 - root - INFO - 文件处理完成: D:/H8_data\2015\08\himawari_20150801_0200.nc
2025-06-13 13:19:53,779 - root - INFO - 已删除下载的原始数据文件: D:/H8_data\2015\08\himawari_20150801_0200.nc
2025-06-13 13:19:53,779 - root - INFO - 开始从FTP服务器下载文件: /jma/netcdf/201508/01/NC_H08_20150801_0550_R21_FLDK.02401_02401.nc
2025-06-13 13:19:53,844 - root - INFO - 文件下载成功: D:/H8_data\2015\08\himawari_20150801_0120.nc
2025-06-13 13:19:54,650 - root - INFO - 成功处理并保存小文件: D:/H8_data\2015\08\H8_20150801_0120.nc
2025-06-13 13:19:54,669 - root - INFO - 文件处理完成: D:/H8_data\2015\08\himawari_20150801_0120.nc
2025-06-13 13:19:54,674 - root - INFO - 已删除下载的原始数据文件: D:/H8_data\2015\08\himawari_20150801_0120.nc
2025-06-13 13:19:54,674 - root - INFO - 开始从FTP服务器下载文件: /jma/netcdf/201508/01/NC_H08_20150801_0600_R21_FLDK.02401_02401.nc
2025-06-13 13:19:56,372 - root - WARNING - FTP文件下载失败: timed out, 重试 1/5...
2025-06-13 13:20:03,438 - root - INFO - 文件下载成功: D:/H8_data\2015\08\himawari_20150801_0100.nc
2025-06-13 13:20:04,312 - root - INFO - 成功处理并保存小文件: D:/H8_data\2015\08\H8_20150801_0100.nc
2025-06-13 13:20:04,340 - root - INFO - 文件处理完成: D:/H8_data\2015\08\himawari_20150801_0100.nc
2025-06-13 13:20:04,345 - root - INFO - 已删除下载的原始数据文件: D:/H8_data\2015\08\himawari_20150801_0100.nc
2025-06-13 13:20:04,345 - root - INFO - 开始从FTP服务器下载文件: /jma/netcdf/201508/01/NC_H08_20150801_0610_R21_FLDK.02401_02401.nc
2025-06-13 13:20:05,884 - root - INFO - 文件下载成功: D:/H8_data\2015\08\himawari_20150801_0140.nc
2025-06-13 13:20:06,739 - root - INFO - 成功处理并保存小文件: D:/H8_data\2015\08\H8_20150801_0140.nc
2025-06-13 13:20:06,758 - root - INFO - 文件处理完成: D:/H8_data\2015\08\himawari_20150801_0140.nc
2025-06-13 13:20:06,764 - root - INFO - 已删除下载的原始数据文件: D:/H8_data\2015\08\himawari_20150801_0140.nc
2025-06-13 13:20:06,765 - root - INFO - 开始从FTP服务器下载文件: /jma/netcdf/201508/01/NC_H08_20150801_0620_R21_FLDK.02401_02401.nc
2025-06-13 13:20:10,956 - root - INFO - 文件下载成功: D:/H8_data\2015\08\himawari_20150801_0030.nc
2025-06-13 13:20:11,802 - root - INFO - 成功处理并保存小文件: D:/H8_data\2015\08\H8_20150801_0030.nc
2025-06-13 13:20:11,821 - root - INFO - 文件处理完成: D:/H8_data\2015\08\himawari_20150801_0030.nc
2025-06-13 13:20:11,825 - root - INFO - 已删除下载的原始数据文件: D:/H8_data\2015\08\himawari_20150801_0030.nc
2025-06-13 13:20:11,826 - root - INFO - 开始从FTP服务器下载文件: /jma/netcdf/201508/01/NC_H08_20150801_0630_R21_FLDK.02401_02401.nc
2025-06-13 13:20:12,526 - root - INFO - 文件下载成功: D:/H8_data\2015\08\himawari_20150801_0430.nc
2025-06-13 13:20:13,395 - root - INFO - 成功处理并保存小文件: D:/H8_data\2015\08\H8_20150801_0430.nc
2025-06-13 13:20:13,416 - root - INFO - 文件处理完成: D:/H8_data\2015\08\himawari_20150801_0430.nc
2025-06-13 13:20:13,422 - root - INFO - 已删除下载的原始数据文件: D:/H8_data\2015\08\himawari_20150801_0430.nc
2025-06-13 13:20:13,423 - root - INFO - 开始从FTP服务器下载文件: /jma/netcdf/201508/01/NC_H08_20150801_0640_R21_FLDK.02401_02401.nc
2025-06-13 13:20:15,931 - root - INFO - 文件下载成功: D:/H8_data\2015\08\himawari_20150801_0050.nc
2025-06-13 13:20:16,710 - root - INFO - 文件下载成功: D:/H8_data\2015\08\himawari_20150801_0350.nc
2025-06-13 13:20:16,806 - root - INFO - 成功处理并保存小文件: D:/H8_data\2015\08\H8_20150801_0050.nc
2025-06-13 13:20:16,827 - root - INFO - 文件处理完成: D:/H8_data\2015\08\himawari_20150801_0050.nc
2025-06-13 13:20:16,831 - root - INFO - 已删除下载的原始数据文件: D:/H8_data\2015\08\himawari_20150801_0050.nc
2025-06-13 13:20:16,831 - root - INFO - 开始从FTP服务器下载文件: /jma/netcdf/201508/01/NC_H08_20150801_0650_R21_FLDK.02401_02401.nc
2025-06-13 13:20:17,543 - root - INFO - 成功处理并保存小文件: D:/H8_data\2015\08\H8_20150801_0350.nc
2025-06-13 13:20:17,563 - root - INFO - 文件处理完成: D:/H8_data\2015\08\himawari_20150801_0350.nc
2025-06-13 13:20:17,569 - root - INFO - 已删除下载的原始数据文件: D:/H8_data\2015\08\himawari_20150801_0350.nc
2025-06-13 13:20:17,569 - root - INFO - 开始从FTP服务器下载文件: /jma/netcdf/201508/01/NC_H08_20150801_0700_R21_FLDK.02401_02401.nc
2025-06-13 13:20:30,163 - root - INFO - 文件下载成功: D:/H8_data\2015\08\himawari_20150801_0040.nc
2025-06-13 13:20:31,028 - root - INFO - 成功处理并保存小文件: D:/H8_data\2015\08\H8_20150801_0040.nc
2025-06-13 13:20:31,047 - root - INFO - 文件处理完成: D:/H8_data\2015\08\himawari_20150801_0040.nc
2025-06-13 13:20:31,053 - root - INFO - 已删除下载的原始数据文件: D:/H8_data\2015\08\himawari_20150801_0040.nc
2025-06-13 13:20:31,054 - root - INFO - 开始从FTP服务器下载文件: /jma/netcdf/201508/01/NC_H08_20150801_0710_R21_FLDK.02401_02401.nc
2025-06-13 13:20:32,030 - root - INFO - 文件下载成功: D:/H8_data\2015\08\himawari_20150801_0010.nc
2025-06-13 13:20:32,875 - root - INFO - 成功处理并保存小文件: D:/H8_data\2015\08\H8_20150801_0010.nc
2025-06-13 13:20:32,894 - root - INFO - 文件处理完成: D:/H8_data\2015\08\himawari_20150801_0010.nc
2025-06-13 13:20:32,899 - root - INFO - 已删除下载的原始数据文件: D:/H8_data\2015\08\himawari_20150801_0010.nc
2025-06-13 13:20:32,899 - root - INFO - 开始从FTP服务器下载文件: /jma/netcdf/201508/01/NC_H08_20150801_0720_R21_FLDK.02401_02401.nc
